EJERCICIO 1
Configurar Git definiendo el nombre del usuario, el correo electrónico y activar el coloreado de la salida. Mostrar la configuración final.


>>git config --list

diff.astextplain.textconv=astextplain
filter.lfs.clean=git-lfs clean -- %f
filter.lfs.smudge=git-lfs smudge -- %f
filter.lfs.process=git-lfs filter-process
filter.lfs.required=true
http.sslbackend=openssl
http.sslcainfo=C:/Program Files/Git/mingw64/etc/ssl/certs/ca-bundle.crt
core.autocrlf=true
core.fscache=true
core.symlinks=false
pull.rebase=false
credential.helper=manager
credential.https://dev.azure.com.usehttppath=true
init.defaultbranch=master
user.name=MartaGarcii
user.email=n123986@eu.santanderconsumer.com
filter.lfs.clean=git-lfs clean -- %f
filter.lfs.smudge=git-lfs smudge -- %f
filter.lfs.process=git-lfs filter-process
filter.lfs.required=true
difftool.sourcetree.cmd=''
mergetool.sourcetree.cmd=''
mergetool.sourcetree.trustexitcode=true



EJERCICIO2
>> mkdir libro

>>---PROYECTO FINAL---\libro>dir
 El volumen de la unidad C es Windows
 El número de serie del volumen es: B6F2-A8DA

 Directorio de C:\Users\GSFormacion9\Documents\ASIGNATURA---GIT---\---PROYECTO FINAL---\libro

20/04/2023  16:31    <DIR>          .
20/04/2023  16:31    <DIR>          ..
               0 archivos              0 bytes
               2 dirs  420.920.492.032 bytes libres
               2 dirs  420.919.353.344 bytes libres
EJERCICIO 3

1.Comprobar el estado del repositorio.

>>git status

	On branch master

	No commits yet

	nothing to commit (create/copy files and use "git add" to track)

2.Crear un fichero indice.txt con el siguiente contenido:Capítulo 1: Introducción a Git Capítulo 2: Flujo de trabajo básico Capítulo 3: Repositorios remotos

>> type nul>indice.txt
>> echo Capitulo 1: Introduccion a Git>indice.txt
>> echo Capitulo 2: Flujo de trabajo basico>>indice.txt
>> echo Capitulo 3: Repositorios remotos>>indice.txt

3. Comprobar de nuevo el estado del repositorio.

>>git status

	On branch master

	No commits yet

	Untracked files:
  		(use "git add <file>..." to include in what will be committed)
        		indice.txt

	nothing added to commit but untracked files present (use "git add" to track)

4. Añadir el fichero a la zona de intercambio temporal.

>> git add indice.txt

5. Volver a comprobar una vez más el estado del repositorio.

>> git status

	On branch master

	No commits yet

	Changes to be committed:
  		(use "git rm --cached <file>..." to unstage)
        		new file:   indice.txt

EJERCICIO 4
>> git commit -m "Añadido índice del libro."

	[master (root-commit) 83abeb4] Añadido índice del libro.
	 1 file changed, 3 insertions(+)
	 create mode 100644 indice.txt

EJERCICIO 5

1.
Capítulo 1: Introducción a Git 
Capítulo 2: Flujo de trabajo básico 
Capítulo 3: Gestión de ramas 
Capítulo 4: Repositorios remotos

2.
>>git status

	On branch master
	Changes not staged for commit:
  		(use "git add <file>..." to update what will be committed)
  		(use "git restore <file>..." to discard changes in working directory)
        		modified:   indice.txt

	no changes added to commit (use "git add" and/or "git commit -a")

3.

>> git add indice.txt
>> git commit -m "Añadido capítulo 3 sobre gestión de ramas”


>> git status
On branch master
nothing to commit, working tree clean

>> git log --oneline
4f52d88 (HEAD -> master) Añadido capítulo 3 sobre gestión de ramas
83abeb4 Añadido índice del libro.

EJERCICIO 6

1.
>> git status
On branch master
nothing to commit, working tree clean

2.

>>git commit --amend -m "Añadido capítulo 3 sobre gestión de ramas al índice."

3.
>> git log --oneline
3c4faa6 (HEAD -> master) Añadido capítulo 3 sobre gestión de ramas al índice.
83abeb4 Añadido índice del libro.

>>git log
commit 3c4faa625668392d9816867a39300a03180a7f1b (HEAD -> master)
Author: MartaGarcii <n123986@eu.santanderconsumer.com>
Date:   Thu Apr 20 17:01:59 2023 +0200

    Añadido capítulo 3 sobre gestión de ramas al índice.

commit 83abeb435daad829dfbbeee1e6b13c26cf0c8128
Author: MartaGarcii <n123986@eu.santanderconsumer.com>
Date:   Thu Apr 20 16:53:30 2023 +0200

    Añadido índice del libro.

>>git status

On branch master
nothing to commit, working tree clean


----MANEJO DE HISTORIAL DE CAMBIOS----

EJERCICIO 1
1.

>>git log
commit 3c4faa625668392d9816867a39300a03180a7f1b (HEAD -> master)
Author: MartaGarcii <n123986@eu.santanderconsumer.com>
Date:   Thu Apr 20 17:01:59 2023 +0200

    Añadido capítulo 3 sobre gestión de ramas al índice.

commit 83abeb435daad829dfbbeee1e6b13c26cf0c8128
Author: MartaGarcii <n123986@eu.santanderconsumer.com>
Date:   Thu Apr 20 16:53:30 2023 +0200

    Añadido índice del libro.

2. 

>>mkdir capitulo

>> dir
 El volumen de la unidad C es Windows
 El número de serie del volumen es: B6F2-A8DA

 Directorio de C:\Users\GSFormacion9\Documents\ASIGNATURA---GIT---\---PROYECTO FINAL---\libro

20/04/2023  17:15    <DIR>          .
20/04/2023  17:15    <DIR>          ..
20/04/2023  17:15    <DIR>          capitulo
20/04/2023  16:59               132 indice.txt
               1 archivos            132 bytes
               3 dirs  420.920.524.800 bytes libres

>> cd capitulo
>> echo Git es un sistema de control de versiones ideado por Linus Torvalds.>capitulo1.txt

3.Añadir los cambios a la zona de intercambio temporal.
>> git add .
[>>git status
On branch master
Changes to be committed:
  (use "git restore --staged <file>..." to unstage)
        new file:   capitulo1.txt]
4.Hacer un commit de los cambios con el mensaje “Añadido capítulo 1.”
>> git commit -m "Añadido capítulo 1."
	[master 0daa895] Añadido capítulo 1.
 	1 file changed, 1 insertion(+)
 	create mode 100644 capitulo/capitulo1.txt

5.Volver a mostrar el historial de cambios del repositorio.

>>git log
	commit 0daa8954c4df891f0950ac2ef34c28d4aac7bd4d (HEAD -> master)
	Author: MartaGarcii <n123986@eu.santanderconsumer.com>
	Date:   Thu Apr 20 17:20:57 2023 +0200

    Añadido capítulo 1.

	commit 3c4faa625668392d9816867a39300a03180a7f1b
	Author: MartaGarcii <n123986@eu.santanderconsumer.com>
	Date:   Thu Apr 20 17:01:59 2023 +0200

    Añadido capítulo 3 sobre gestión de ramas al índice.

	commit 83abeb435daad829dfbbeee1e6b13c26cf0c8128
	Author: MartaGarcii <n123986@eu.santanderconsumer.com>
	Date:   Thu Apr 20 16:53:30 2023 +0200

    Añadido índice del libro.


>>git log --oneline
	0daa895 (HEAD -> master) Añadido capítulo 1.
	3c4faa6 Añadido capítulo 3 sobre gestión de ramas al índice.
	83abeb4 Añadido índice del libro.

EJERCICIO 2

1. Crear el fichero capitulo2.txt en la carpeta capitulos con el siguiente texto.

>>echo El flujo de trabajo básico con Git consiste en: 1- Hacer cambios en el repositorio. 2- Añadir los cambios a la zona de intercambio temporal. 3- Hacer un commit de los cambios.>capitulo2.txt

2.

>>git add .

>>git status
On branch master
Changes to be committed:
  (use "git restore --staged <file>..." to unstage)
        new file:   capitulo2.txt
3.
>> git commit -m "Añadido capítulo 2."


4.
>>git log --oneline

->	87d98e0 (HEAD -> master) Añadido capítulo 2.
	0daa895 Añadido capítulo 1.
->	3c4faa6 Añadido capítulo 3 sobre gestión de ramas al índice.
	83abeb4 Añadido índice del libro.

>>git diff 3c4fa HEAD

	diff --git a/capitulo/capitulo1.txt b/capitulo/capitulo1.txt
	new file mode 100644
	index 0000000..7431f9e
	--- /dev/null
	+++ b/capitulo/capitulo1.txt
	@@ -0,0 +1 @@
	+Git es un sistema de control de versiones ideado por Linus Torvalds.
	diff --git a/capitulo/capitulo2.txt b/capitulo/capitulo2.txt
	new file mode 100644
	index 0000000..9e634c8
	--- /dev/null
	+++ b/capitulo/capitulo2.txt
	@@ -0,0 +1 @@
	+El flujo de trabajo b<A0>sico con Git consiste en: 1- Hacer cambios en el repositorio. 2- A<A4>adir los cambios a la zona de intercambio temporal. 3- Hacer un commit de los cambios.


EJERCICIO 3
1.
>>echo Git permite la creación de ramas lo que permite tener distintas versiones del mismo proyecto y trabajar de manera simultanea en ellas.>capitulo3.txt

2.
>>git add .
[>>git status
On branch master
Changes to be committed:
  (use "git restore --staged <file>..." to unstage)
        new file:   capitulo3.txt
]

3.
>>git commit -m "Añadido capítulo 3."
[master 856d8c3] Añadido capítulo 3.
 1 file changed, 1 insertion(+)
 create mode 100644 capitulo/capitulo3.txt

4.
>>git log --oneline
	856d8c3 (HEAD -> master) Añadido capítulo 3.
	87d98e0 Añadido capítulo 2.
	0daa895 Añadido capítulo 1.
	3c4faa6 Añadido capítulo 3 sobre gestión de ramas al índice.
	83abeb4 Añadido índice del libro.

>> git diff 83abeb4 856d8c3

	git diff 83abeb4 856d8c3
	diff --git a/capitulo/capitulo1.txt b/capitulo/capitulo1.txt
	new file mode 100644
	index 0000000..7431f9e
	--- /dev/null
	+++ b/capitulo/capitulo1.txt
	@@ -0,0 +1 @@
	+Git es un sistema de control de versiones ideado por Linus Torvalds.
	diff --git a/capitulo/capitulo2.txt b/capitulo/capitulo2.txt
	new file mode 100644
	index 0000000..9e634c8
	--- /dev/null
	+++ b/capitulo/capitulo2.txt
	@@ -0,0 +1 @@
	+El flujo de trabajo b<A0>sico con Git consiste en: 1- Hacer cambios en el repositorio. 2- A<A4>adir los cambios a la zona de intercambio temporal. 3- Hacer un commit de los cambios.
	diff --git a/capitulo/capitulo3.txt b/capitulo/capitulo3.txt
	new file mode 100644
	index 0000000..36ad9ac
	--- /dev/null
	+++ b/capitulo/capitulo3.txt
	@@ -0,0 +1 @@
	+Git permite la creaci<A2>n de ramas lo que permite tener distintas versiones del mismo proyecto y trabajar de manera simultanea en ellas.
	diff --git a/indice.txt b/indice.txt
	index e54589c..b2e4ba7 100644
	--- a/indice.txt
	+++ b/indice.txt
	@@ -1,3 +1,4 @@
	 Capitulo 1: Introduccion a Git
	 Capitulo 2: Flujo de trabajo basico
	-Capitulo 3: Repositorios remotos
	+Capitulo 3: Geston de ramas
	+Capitulo 4: Repositorios remotos


EJERCICIO 4
1.
>>echo Capítulo 5: Conceptos avanzados>>indice.txt
2.
>> git add .
[>>git status
On branch master
Changes to be committed:
  (use "git restore --staged <file>..." to unstage)
        modified:   indice.txt
]

3.

>>git commit -m "Añadido capítulo 5 al índice.".

	[master 6caf4d8] Añadido capítulo 5 al índice..
 	1 file changed, 1 insertion(+)
4.

>>git blame indice.txt
^83abeb4 (MartaGarcii 2023-04-20 16:53:30 +0200 1) Capitulo 1: Introduccion a Git
^83abeb4 (MartaGarcii 2023-04-20 16:53:30 +0200 2) Capitulo 2: Flujo de trabajo basico
3c4faa62 (MartaGarcii 2023-04-20 17:01:59 +0200 3) Capitulo 3: Geston de ramas
3c4faa62 (MartaGarcii 2023-04-20 17:01:59 +0200 4) Capitulo 4: Repositorios remotos
6caf4d88 (MartaGarcii 2023-04-20 17:49:39 +0200 5) Capítulo 5: Conceptos avanzados


----Desacer cambios----

EJERCICIO 1
1.
[Capitulo 1: Introduccion a Git
Capitulo 2: Flujo de trabajo basico
Capitulo 3: Geston de ramas
Capitulo 4: Repositorios remotos
]
2.

>>git status
On branch master
Changes not staged for commit:
  (use "git add <file>..." to update what will be committed)
  (use "git restore <file>..." to discard changes in working directory)
        modified:   indice.txt

	no changes added to commit (use "git add" and/or "git commit -a")
3.

>>git restore indice.txt

4
>>git status
On branch master
nothing to commit, working tree clean

[Capitulo 1: Introduccion a Git
Capitulo 2: Flujo de trabajo basico
Capitulo 3: Geston de ramas
Capitulo 4: Repositorios remotos
Capítulo 5: Conceptos avanzados
]

EJERCICIO 2
1.
[Capitulo 1: Introduccion a Git
Capitulo 2: Flujo de trabajo basico
Capitulo 3: Geston de ramas
Capitulo 4: Repositorios remotos]

2.
>>git status
On branch master
Changes not staged for commit:
  (use "git add <file>..." to update what will be committed)
  (use "git restore <file>..." to discard changes in working directory)
        modified:   indice.txt

no changes added to commit (use "git add" and/or "git commit -a")

>> git add .

3.
>> git status
On branch master
Changes to be committed:
  (use "git restore --staged <file>..." to unstage)
        modified:   indice.txt

4. 

>>git restore --staged indice.txt

5

>>git status
	On branch master
	Changes not staged for commit:
  	  (use "git add <file>..." to update what will be committed)
	  (use "git restore <file>..." to discard changes in working directory)
	        modified:   indice.txt

	no changes added to commit (use "git add" and/or "git commit -a")

[
Capitulo 1: Introduccion a Git
Capitulo 2: Flujo de trabajo basico
Capitulo 3: Geston de ramas
Capitulo 4: Repositorios remotos
]

6.

>>git restore indice.txt

7.
>>git status
	On branch master
	nothing to commit, working tree clean
[
Capitulo 1: Introduccion a Git
Capitulo 2: Flujo de trabajo basico
Capitulo 3: Geston de ramas
Capitulo 4: Repositorios remotos
Capítulo 5: Conceptos avanzados
]

EJERCICIO 3

1.
[Capitulo 1: Introduccion a Git
Capitulo 2: Flujo de trabajo basico
Capitulo 3: Geston de ramas
Capitulo 4: Repositorios remotos]

2.

>>dir
	 El volumen de la unidad C es Windows
	 El número de serie del volumen es: B6F2-A8DA

	 Directorio de C:\Users\GSFormacion9\Documents\ASIGNATURA---GIT---\---PROYECTO FINAL---\libro\capitulo

	21/04/2023  09:24    <DIR>          .
	21/04/2023  09:24    <DIR>          ..
	20/04/2023  17:17                70 capitulo1.txt
	20/04/2023  17:24               177 capitulo2.txt
	               2 archivos            247 bytes
 	               2 dirs  418.695.790.592 bytes libres

3.
>>echo >capitulo4.txt

>>dir
 El volumen de la unidad C es Windows
 El número de serie del volumen es: B6F2-A8DA

 Directorio de C:\Users\GSFormacion9\Documents\ASIGNATURA---GIT---\---PROYECTO FINAL---\libro\capitulo

21/04/2023  09:25    <DIR>          .
21/04/2023  09:25    <DIR>          ..
20/04/2023  17:17                70 capitulo1.txt
20/04/2023  17:24               177 capitulo2.txt
21/04/2023  09:25                21 capitulo4.txt
               3 archivos            268 bytes
               2 dirs  418.695.323.648 bytes libres

>> git status
	On branch master
	Changes not staged for commit:
	  (use "git add/rm <file>..." to update what will be committed)
	  (use "git restore <file>..." to discard changes in working directory)
	        deleted:    capitulo/capitulo3.txt
	        modified:   indice.txt

	Untracked files:
	  (use "git add <file>..." to include in what will be committed)
	       capitulo/capitulo4.txt

	no changes added to commit (use "git add" and/or "git commit -a")


4.
>>git add .

5.

>>git status
	On branch master
	Changes to be committed:
	  (use "git restore --staged <file>..." to unstage)
	        deleted:    capitulo/capitulo3.txt
	        new file:   capitulo/capitulo4.txt
	        modified:   indice.txt

6.
>> >git restore --staged .

7.
>>git status
	On branch master
	Changes not staged for commit:
	  (use "git add/rm <file>..." to update what will be committed)
 	  (use "git restore <file>..." to discard changes in working directory)
	        deleted:    capitulo/capitulo3.txt
	        modified:   indice.txt

	Untracked files:
	  (use "git add <file>..." to include in what will be committed)
	        capitulo/capitulo4.txt

	no changes added to commit (use "git add" and/or "git commit -a")

8.
>> git restore .

9.

>>git status
	On branch master
	nothing to commit, working tree clean

EJERCICIO 4

1.
1.
[Capitulo 1: Introduccion a Git
Capitulo 2: Flujo de trabajo basico
Capitulo 3: Geston de ramas
Capitulo 4: Repositorios remotos]

2.

>>dir
	 El volumen de la unidad C es Windows
	 El número de serie del volumen es: B6F2-A8DA

	 Directorio de C:\Users\GSFormacion9\Documents\ASIGNATURA---GIT---\---PROYECTO FINAL---\libro\capitulo

	21/04/2023  09:24    <DIR>          .
	21/04/2023  09:24    <DIR>          ..
	20/04/2023  17:17                70 capitulo1.txt
	20/04/2023  17:24               177 capitulo2.txt
	               2 archivos            247 bytes
 	               2 dirs  418.695.790.592 bytes libres


git status
On branch master
Changes not staged for commit:
  (use "git add/rm <file>..." to update what will be committed)
  (use "git restore <file>..." to discard changes in working directory)
        deleted:    capitulo/capitulo3.txt
        modified:   indice.txt

no changes added to commit (use "git add" and/or "git commit -a")


3.

>>git add.

>>git status
On branch master
Changes to be committed:
  (use "git restore --staged <file>..." to unstage)
        deleted:    capitulo/capitulo3.txt
        modified:   indice.txt

>>git commit -m "Borrado accidental."
	[master a819f5d] Borrado accidental.
	 2 files changed, 2 deletions(-)
	 delete mode 100644 capitulo/capitulo3.txt

>>git status
	On branch master
	nothing to commit, working tree clean
4.

>>git log
commit a819f5de9737603836b007937a0f2ed8644bc73a (HEAD -> master)
Author: MartaGarcii <n123986@eu.santanderconsumer.com>
Date:   Fri Apr 21 10:03:57 2023 +0200

    Borrado accidental.

commit 3c70fb81020b373bb11f7bfa8cf86a1ef6e19647
Author: MartaGarcii <n123986@eu.santanderconsumer.com>
Date:   Fri Apr 21 09:56:26 2023 +0200

    Capítulo 5: Conceptos avanzados

commit c5a88b83437b2626ae52cc9bf5bb9a66fab30ea5
Author: MartaGarcii <n123986@eu.santanderconsumer.com>
Date:   Fri Apr 21 09:55:54 2023 +0200

    Añadido capítulo 3.

commit 87d98e0f9add10f70fdb24598fa8acc22f0f9956
Author: MartaGarcii <n123986@eu.santanderconsumer.com>
Date:   Thu Apr 20 17:26:03 2023 +0200

    Añadido capítulo 2.

commit 0daa8954c4df891f0950ac2ef34c28d4aac7bd4d
Author: MartaGarcii <n123986@eu.santanderconsumer.com>
Date:   Thu Apr 20 17:20:57 2023 +0200

    Añadido capítulo 1.

commit 3c4faa625668392d9816867a39300a03180a7f1b
Author: MartaGarcii <n123986@eu.santanderconsumer.com>
Date:   Thu Apr 20 17:01:59 2023 +0200

    Añadido capítulo 3 sobre gestión de ramas al índice.

commit 83abeb435daad829dfbbeee1e6b13c26cf0c8128
Author: MartaGarcii <n123986@eu.santanderconsumer.com>
Date:   Thu Apr 20 16:53:30 2023 +0200

    Añadido índice del libro.

>>a819f5d (HEAD -> master) Borrado accidental.
3c70fb8 Capítulo 5: Conceptos avanzados
c5a88b8 Añadido capítulo 3.
87d98e0 Añadido capítulo 2.
0daa895 Añadido capítulo 1.
3c4faa6 Añadido capítulo 3 sobre gestión de ramas al índice.
83abeb4 Añadido índice del libro.

5.
>>git reset --soft 3c70fb8

6.
>>git log --oneline
3c70fb8 (HEAD -> master) Capítulo 5: Conceptos avanzados
c5a88b8 Añadido capítulo 3.
87d98e0 Añadido capítulo 2.
0daa895 Añadido capítulo 1.
3c4faa6 Añadido capítulo 3 sobre gestión de ramas al índice.
83abeb4 Añadido índice del libro.

>>git status
On branch master
Changes to be committed:
  (use "git restore --staged <file>..." to unstage)
        deleted:    capitulo/capitulo3.txt
        modified:   indice.txt
7.
>>git commit -m "Borrado accidental."
[master 78aaafe] Borrado accidental.
 2 files changed, 2 deletions(-)
 delete mode 100644 capitulo/capitulo3.txt


8.

>>>> git reset --hard HEAD~1
HEAD is now at 3c70fb8 Capítulo 5: Conceptos avanzados


9.

>>git status
On branch master
nothing to commit, working tree clean

>>git log --oneline
3c70fb8 (HEAD -> master) Capítulo 5: Conceptos avanzados
c5a88b8 Añadido capítulo 3.
87d98e0 Añadido capítulo 2.
0daa895 Añadido capítulo 1.
3c4faa6 Añadido capítulo 3 sobre gestión de ramas al índice.
83abeb4 Añadido índice del libro.


----Gestion de Ramas----

EJERCICIO 1
>>git branch bibliografia

>>git branch
	  bibliografia
	* master

EJERCICIO 2
1.
>>echo En este capítulo veremos cómo usar GitHub para alojar repositorios en remoto.>capitulo/capitulo4.txt

2
>>git status
	On branch master
	Untracked files:
	  (use "git add <file>..." to include in what will be committed)
	        capitulo/capitulo4.txt

nothing added to commit but untracked files present (use "git add" to track)
>>git add .

3.
>>git commit -m "Añadido capítulo 4."
	[master 9582ab2] Añadido capítulo 4.
	 1 file changed, 1 insertion(+)
	 create mode 100644 capitulo/capitulo4.txt

4.
>>git log --oneline --all --graph
	* 9582ab2 (HEAD -> master) Añadido capítulo 4.
	* 3c70fb8 (bibliografia) Capítulo 5: Conceptos avanzados
	* c5a88b8 Añadido capítulo 3.
	* 87d98e0 Añadido capítulo 2.
	* 0daa895 Añadido capítulo 1.
	* 3c4faa6 Añadido capítulo 3 sobre gestión de ramas al índice.
	* 83abeb4 Añadido índice del libro.

EJERCICIO3
1.
>>git checkout bibliografia
	Switched to branch 'bibliografia'

2.
>>echo Chacon, S. and Straub, B. Pro Git. Apress.>bibliografia.txt

3.
>>git add .

>>git status
	On branch bibliografia
	Changes to be committed:
	  (use "git restore --staged <file>..." to unstage)
	        new file:   bibliografia.txt
4
>>git commit -m "Añadida primera referencia bibliográfica."
	[bibliografia d413db4] Añadida primera referencia bibliográfica.
	 1 file changed, 1 insertion(+)
	 create mode 100644 bibliografia.txt
5
>>git log --oneline --all --graph
	* d413db4 (HEAD -> bibliografia) Añadida primera referencia bibliográfica.
	| * 9582ab2 (master) Añadido capítulo 4.
	|/
	* 3c70fb8 Capítulo 5: Conceptos avanzados
	* c5a88b8 Añadido capítulo 3.
	* 87d98e0 Añadido capítulo 2.
	* 0daa895 Añadido capítulo 1.
	* 3c4faa6 Añadido capítulo 3 sobre gestión de ramas al índice.
	* 83abeb4 Añadido índice del libro.

EJERCICIO 4
1.
>>git checkout master
	Switched to branch 'master'
2.
>>git log --oneline --all --graph
	*   3234748 (HEAD -> master) Merge branch 'bibliografia'
	|\
	| * d413db4 (bibliografia) Añadida primera referencia bibliográfica.
	* | 9582ab2 Añadido capítulo 4.
	|/
	* 3c70fb8 Capítulo 5: Conceptos avanzados
	* c5a88b8 Añadido capítulo 3.
	* 87d98e0 Añadido capítulo 2.
	* 0daa895 Añadido capítulo 1.
	* 3c4faa6 Añadido capítulo 3 sobre gestión de ramas al índice.
	* 83abeb4 Añadido índice del libro.
3.
>>git branch -d bibliografia
	Deleted branch bibliografia (was d413db4).
4.
	>>git log --oneline --all --graph
	*   3234748 (HEAD -> master) Merge branch 'bibliografia'
	|\
	| * d413db4 Añadida primera referencia bibliográfica.
	* | 9582ab2 Añadido capítulo 4.
	|	/
	* 3c70fb8 Capítulo 5: Conceptos avanzados
	* c5a88b8 Añadido capítulo 3.
	* 87d98e0 Añadido capítulo 2.
	* 0daa895 Añadido capítulo 1.
	* 3c4faa6 Añadido capítulo 3 sobre gestión de ramas al índice.
	* 83abeb4 Añadido índice del libro.

EJERCICIO 5
1.
>>git branch bibliografia

2.
>>git checkout bibliografia

3.
>>echo Ryan Hodson. Ry’s Git Tutorial. Smashwords (2014)>bibliografia.txt
>>echo Scott Chacon and Ben Straub. Pro Git. Apress.>>bibliografia.txt

4.
>>git add .
>>git commit -m "Añadida nueva referencia bibliográfica."
[bibliografia e73ba72] Añadida nueva referencia bibliográfica.
 1 file changed, 2 insertions(+), 1 deletion(-)

5.
>>git checkout master
Switched to branch 'master'

6.
>echo Chacon, S. and Straub, B. Pro Git. Apress.>bibliografia.txt
>>echo Loeliger, J. and McCullough, M. Version control with Git. O’Reilly.>>bibliografia.txt

7.
>>git add .
>>git commit -m "Añadida nueva referencia bibliográfica."
	[master fcf57fe] Añadida nueva referencia bibliográfica.
	 1 file changed, 1 insertion(+)

8.
>>git merge bibliografia
Auto-merging bibliografia.txt
CONFLICT (content): Merge conflict in bibliografia.txt
Automatic merge failed; fix conflicts and then commit the result.
9.

	[
	Chacon, S. and Straub, B. Pro Git. Apress.
	Loeliger, J. and McCullough, M. Version control with Git. O'Reilly.
	Ryan Hodson. Ry's Git Tutorial. Smashwords (2014)
	]
10.
>>git status
	On branch master
	You have unmerged paths.
	  (fix conflicts and run "git commit")
	  (use "git merge --abort" to abort the merge)

	Unmerged paths:
	  (use "git add <file>..." to mark resolution)
	        both modified:   bibliografia.txt

	no changes added to commit (use "git add" and/or "git commit -a")

>>git add .
>>git commit -m “Resuelto conflicto de bibliografía.”
	[master 0cbf2af] Resuelto conflicto de bibliografía.


11.
>>git log --oneline --all --graph
	*   0cbf2af (HEAD -> master) Resuelto conflicto de bibliografía.
	|\
	| * e73ba72 (bibliografia) Añadida nueva referencia bibliográfica.
	* | fcf57fe Añadida nueva referencia bibliográfica.
	|/
	*   3234748 Merge branch 'bibliografia'
	|\
	| * d413db4 Añadida primera referencia bibliográfica.
	* | 9582ab2 Añadido capítulo 4.
	|/
	* 3c70fb8 Capítulo 5: Conceptos avanzados
	* c5a88b8 Añadido capítulo 3.
	* 87d98e0 Añadido capítulo 2.
	* 0daa895 Añadido capítulo 1.
	* 3c4faa6 Añadido capítulo 3 sobre gestión de ramas al índice.
	* 83abeb4 Añadido índice del libro.

----Repositorio remoto----

EJERCICIO 1
1.-> captura
2. ->git clone https://github.com/MartaGarcii/libro-git.git
Cloning into 'libro-git'...
remote: Enumerating objects: 3, done.
remote: Counting objects: 100% (3/3), done.
remote: Total 3 (delta 0), reused 0 (delta 0), pack-reused 0
Receiving objects: 100% (3/3), done.

3.
>>git remote add origin https://github.com/MartaGarcii/libro-git.git
4.
>>git remote show
	origin

EJERCICIO 2
1.
>>git push origin master
	Enumerating objects: 39, done.
	Counting objects: 100% (39/39), done.
	Delta compression using up to 12 threads
	Compressing objects: 100% (35/35), done.
	Writing objects: 100% (39/39), 4.21 KiB | 4.21 MiB/s, done.
	Total 39 (delta 7), reused 0 (delta 0), pack-reused 0
	remote: Resolving deltas: 100% (7/7), done.
	remote:
	remote: Create a pull request for 'master' on GitHub by visiting:
	remote:      https://github.com/MartaGarcii/libro-git/pull/new/master
	remote:
	To https://github.com/MartaGarcii/libro-git.git
	 * [new branch]      master -> master
2.
>>Captura

EJERCICIO 3
1.git clone https://github.com/andresrodriguezscf/libro-git-andres.git
Cloning into 'libro-git-andres'...
remote: Enumerating objects: 24, done.
remote: Counting objects: 100% (24/24), done.
remote: Compressing objects: 100% (19/19), done.
remote: Total 24 (delta 6), reused 5 (delta 0), pack-reused 0
Receiving objects: 100% (24/24), 5.00 KiB | 5.00 MiB/s, done.
Resolving deltas: 100% (6/6), done.
